// Jest Snapshot v1, https://goo.gl/fbAQLP

exports[`Header is components 1`] = `
<DocumentFragment>
  <div
    class="css-0"
  >
    aa
  </div>
</DocumentFragment>
`;
