// Jest Snapshot v1, https://goo.gl/fbAQLP

exports[`Index is components 1`] = `
<DocumentFragment>
  <div
    class="css-1mwr1vy"
  >
    <div
      class="css-dd2t44"
    >
      <div
        class="css-0"
      >
        <p
          class="chakra-text css-etzlkl"
        >
          Go CLI Tools
        </p>
      </div>
      <hr
        aria-orientation="horizontal"
        class="chakra-divider css-10zywd0"
      />
      <div
        class="css-0"
      >
        <div
          class="css-5tigzz"
        >
          <div
            class="css-1qz17lo"
          >
            <div
              class="css-lyvtfg"
            >
              <svg
                class="chakra-icon css-13otjrl"
                fill="currentColor"
                focusable="false"
                height="1em"
                stroke="currentColor"
                stroke-width="0"
                viewBox="0 0 16 16"
                width="1em"
                xmlns="http://www.w3.org/2000/svg"
              >
                <path
                  clip-rule="evenodd"
                  d="M0 1l1-1 3.081 2.2a1 1 0 01.419.815v.07a1 1 0 00.293.708L10.5 9.5l.914-.305a1 1 0 011.023.242l3.356 3.356a1 1 0 010 1.414l-1.586 1.586a1 1 0 01-1.414 0l-3.356-3.356a1 1 0 01-.242-1.023L9.5 10.5 3.793 4.793a1 1 0 00-.707-.293h-.071a1 1 0 01-.814-.419L0 1zm11.354 9.646a.5.5 0 00-.708.708l3 3a.5.5 0 00.708-.708l-3-3z"
                  fill-rule="evenodd"
                />
                <path
                  clip-rule="evenodd"
                  d="M15.898 2.223a3.003 3.003 0 01-3.679 3.674L5.878 12.15a3 3 0 11-2.027-2.027l6.252-6.341A3 3 0 0113.778.1l-2.142 2.142L12 4l1.757.364 2.141-2.141zm-13.37 9.019L3.001 11l.471.242.529.026.287.445.445.287.026.529L5 13l-.242.471-.026.529-.445.287-.287.445-.529.026L3 15l-.471-.242L2 14.732l-.287-.445L1.268 14l-.026-.529L1 13l.242-.471.026-.529.445-.287.287-.445.529-.026z"
                  fill-rule="evenodd"
                />
              </svg>
            </div>
            <p
              class="chakra-text css-0"
            >
              Tools
            </p>
          </div>
        </div>
        <div
          class="css-5tigzz"
        >
          <div
            class="css-cezcce"
          >
            <div
              class="css-lyvtfg"
            >
              <svg
                class="chakra-icon css-13otjrl"
                fill="currentColor"
                focusable="false"
                height="1em"
                stroke="currentColor"
                stroke-width="0"
                version="1.1"
                viewBox="0 0 20 16"
                width="1em"
                xmlns="http://www.w3.org/2000/svg"
              >
                <path
                  d="M19.25 0h-6c-0.412 0-0.989 0.239-1.28 0.53l-7.439 7.439c-0.292 0.292-0.292 0.769 0 1.061l6.439 6.439c0.292 0.292 0.769 0.292 1.061 0l7.439-7.439c0.292-0.292 0.53-0.868 0.53-1.28v-6c0-0.412-0.337-0.75-0.75-0.75zM15.5 6c-0.828 0-1.5-0.672-1.5-1.5s0.672-1.5 1.5-1.5 1.5 0.672 1.5 1.5-0.672 1.5-1.5 1.5z"
                />
                <path
                  d="M2 8.5l8.5-8.5h-1.25c-0.412 0-0.989 0.239-1.28 0.53l-7.439 7.439c-0.292 0.292-0.292 0.769 0 1.061l6.439 6.439c0.292 0.292 0.769 0.292 1.061 0l0.47-0.47-6.5-6.5z"
                />
              </svg>
            </div>
            <p
              class="chakra-text css-0"
            >
              Tags
            </p>
          </div>
        </div>
        <div
          class="css-5tigzz"
        >
          <div
            class="css-cezcce"
          >
            <div
              class="css-lyvtfg"
            >
              <svg
                class="chakra-icon css-13otjrl"
                fill="currentColor"
                focusable="false"
                height="1em"
                stroke="currentColor"
                stroke-width="0"
                viewBox="0 0 512 512"
                width="1em"
                xmlns="http://www.w3.org/2000/svg"
              >
                <path
                  d="M64 368v80h80l235.727-235.729-79.999-79.998L64 368zm377.602-217.602c8.531-8.531 8.531-21.334 0-29.865l-50.135-50.135c-8.531-8.531-21.334-8.531-29.865 0l-39.468 39.469 79.999 79.998 39.469-39.467z"
                />
              </svg>
            </div>
            <p
              class="chakra-text css-0"
            >
              Register
            </p>
          </div>
        </div>
        <div
          class="css-5tigzz"
        >
          <div
            class="css-cezcce"
          >
            <div
              class="css-lyvtfg"
            >
              <svg
                class="chakra-icon css-13otjrl"
                fill="currentColor"
                focusable="false"
                height="1em"
                stroke="currentColor"
                stroke-width="0"
                viewBox="0 0 16 16"
                width="1em"
                xmlns="http://www.w3.org/2000/svg"
              >
                <path
                  clip-rule="evenodd"
                  d="M9.928 1.723c-.243-.97-1.62-.97-1.863 0l-.072.286a.96.96 0 01-1.622.435l-.204-.212c-.695-.718-1.889-.03-1.614.932l.08.283a.96.96 0 01-1.186 1.187l-.283-.081c-.961-.275-1.65.919-.932 1.614l.212.204a.96.96 0 01-.435 1.622l-.286.072c-.97.242-.97 1.62 0 1.863l.286.071a.96.96 0 01.435 1.622l-.212.205c-.718.695-.03 1.888.932 1.613l.283-.08a.96.96 0 011.187 1.187l-.081.283c-.275.96.919 1.65 1.614.931l.204-.211a.96.96 0 011.622.434l.072.286c.242.97 1.62.97 1.863 0l.071-.286a.96.96 0 011.622-.434l.205.212c.695.718 1.888.029 1.613-.932l-.08-.283a.96.96 0 011.187-1.188l.283.081c.96.275 1.65-.918.931-1.613l-.211-.205A.96.96 0 0115.983 10l.286-.071c.97-.243.97-1.62 0-1.863l-.286-.072a.96.96 0 01-.434-1.622l.212-.204c.718-.695.029-1.889-.932-1.614l-.283.08a.96.96 0 01-1.188-1.186l.081-.283c.275-.961-.918-1.65-1.613-.932l-.205.212A.96.96 0 0110 2.009l-.071-.286zm-.932 12.27a4.998 4.998 0 100-9.994 4.998 4.998 0 000 9.995z"
                  fill-rule="evenodd"
                />
                <path
                  clip-rule="evenodd"
                  d="M8.372 8.996L5.598 5.298l.8-.6 2.848 3.798h4.748v1H9.246l-2.849 3.798-.8-.6 2.775-3.698z"
                  fill-rule="evenodd"
                />
              </svg>
            </div>
            <p
              class="chakra-text css-0"
            >
              Setting
            </p>
          </div>
        </div>
      </div>
      <div
        class="css-8xl60i"
      >
        <div
          class="css-14ih5ig"
        >
          <div
            class="css-taz9d9"
          >
            <button
              aria-label="social-iconnull"
              class="chakra-button css-3edgtx"
              type="button"
            >
              <svg
                aria-hidden="true"
                fill="currentColor"
                focusable="false"
                height="1em"
                role="img"
                stroke="currentColor"
                stroke-width="0"
                viewBox="0 0 24 24"
                width="1em"
                xmlns="http://www.w3.org/2000/svg"
              >
                <title />
                <path
                  d="M23.9981 11.9991C23.9981 5.37216 18.626 0 11.9991 0C5.37216 0 0 5.37216 0 11.9991C0 17.9882 4.38789 22.9522 10.1242 23.8524V15.4676H7.07758V11.9991H10.1242V9.35553C10.1242 6.34826 11.9156 4.68714 14.6564 4.68714C15.9692 4.68714 17.3424 4.92149 17.3424 4.92149V7.87439H15.8294C14.3388 7.87439 13.8739 8.79933 13.8739 9.74824V11.9991H17.2018L16.6698 15.4676H13.8739V23.8524C19.6103 22.9522 23.9981 17.9882 23.9981 11.9991Z"
                />
              </svg>
            </button>
            <button
              aria-label="social-iconnull"
              class="chakra-button css-3edgtx"
              type="button"
            >
              <svg
                aria-hidden="true"
                fill="currentColor"
                focusable="false"
                height="1em"
                role="img"
                stroke="currentColor"
                stroke-width="0"
                viewBox="0 0 24 24"
                width="1em"
                xmlns="http://www.w3.org/2000/svg"
              >
                <title />
                <path
                  d="M23.954 4.569c-.885.389-1.83.654-2.825.775 1.014-.611 1.794-1.574 2.163-2.723-.951.555-2.005.959-3.127 1.184-.896-.959-2.173-1.559-3.591-1.559-2.717 0-4.92 2.203-4.92 4.917 0 .39.045.765.127 1.124C7.691 8.094 4.066 6.13 1.64 3.161c-.427.722-.666 1.561-.666 2.475 0 1.71.87 3.213 2.188 4.096-.807-.026-1.566-.248-2.228-.616v.061c0 2.385 1.693 4.374 3.946 4.827-.413.111-.849.171-1.296.171-.314 0-.615-.03-.916-.086.631 1.953 2.445 3.377 4.604 3.417-1.68 1.319-3.809 2.105-6.102 2.105-.39 0-.779-.023-1.17-.067 2.189 1.394 4.768 2.209 7.557 2.209 9.054 0 13.999-7.496 13.999-13.986 0-.209 0-.42-.015-.63.961-.689 1.8-1.56 2.46-2.548l-.047-.02z"
                />
              </svg>
            </button>
            <button
              aria-label="social-iconnull"
              class="chakra-button css-3edgtx"
              type="button"
            >
              <svg
                aria-hidden="true"
                fill="currentColor"
                focusable="false"
                height="1em"
                role="img"
                stroke="currentColor"
                stroke-width="0"
                viewBox="0 0 24 24"
                width="1em"
                xmlns="http://www.w3.org/2000/svg"
              >
                <title />
                <path
                  d="M12 .297c-6.63 0-12 5.373-12 12 0 5.303 3.438 9.8 8.205 11.385.6.113.82-.258.82-.577 0-.285-.01-1.04-.015-2.04-3.338.724-4.042-1.61-4.042-1.61C4.422 18.07 3.633 17.7 3.633 17.7c-1.087-.744.084-.729.084-.729 1.205.084 1.838 1.236 1.838 1.236 1.07 1.835 2.809 1.305 3.495.998.108-.776.417-1.305.76-1.605-2.665-.3-5.466-1.332-5.466-5.93 0-1.31.465-2.38 1.235-3.22-.135-.303-.54-1.523.105-3.176 0 0 1.005-.322 3.3 1.23.96-.267 1.98-.399 3-.405 1.02.006 2.04.138 3 .405 2.28-1.552 3.285-1.23 3.285-1.23.645 1.653.24 2.873.12 3.176.765.84 1.23 1.91 1.23 3.22 0 4.61-2.805 5.625-5.475 5.92.42.36.81 1.096.81 2.22 0 1.606-.015 2.896-.015 3.286 0 .315.21.69.825.57C20.565 22.092 24 17.592 24 12.297c0-6.627-5.373-12-12-12"
                />
              </svg>
            </button>
          </div>
          <p
            class="chakra-text css-e3zaxu"
          >
            © 2021 gari8
          </p>
        </div>
      </div>
    </div>
    <div
      class="css-13rbvqk"
    >
      <div
        class="css-2rlxtj"
      >
        <div
          class="chakra-input__group css-4302v8"
        >
          <div
            class="chakra-input__left-element css-1j40wqv"
          >
            <svg
              class="chakra-icon css-onkibi"
              focusable="false"
              viewBox="0 0 24 24"
            >
              <path
                d="M23.384,21.619,16.855,15.09a9.284,9.284,0,1,0-1.768,1.768l6.529,6.529a1.266,1.266,0,0,0,1.768,0A1.251,1.251,0,0,0,23.384,21.619ZM2.75,9.5a6.75,6.75,0,1,1,6.75,6.75A6.758,6.758,0,0,1,2.75,9.5Z"
                fill="currentColor"
              />
            </svg>
          </div>
          <input
            class="chakra-input css-0"
            placeholder="Enter amount"
          />
          <div
            class="chakra-input__right-element css-dp9r5f"
          >
            <svg
              class="chakra-icon css-rh0nee"
              focusable="false"
              viewBox="0 0 14 14"
            >
              <g
                fill="currentColor"
              >
                <polygon
                  points="5.5 11.9993304 14 3.49933039 12.5 2 5.5 8.99933039 1.5 4.9968652 0 6.49933039"
                />
              </g>
            </svg>
          </div>
        </div>
        <p
          class="chakra-text css-1fyh5g4"
        >
          Detail
        </p>
      </div>
    </div>
  </div>
</DocumentFragment>
`;
